[safetyshoescheetah.blogspot.com/index.html]
[backblue.gif]
[fade.gif]
[index.html]
[safetyshoescheetah.blogspot.com/favicon.ico]
[safetyshoescheetah.blogspot.com/feeds/posts/default]
[3.bp.blogspot.com/-d4SEhY5Syr0/T7vK-PqJ5WI/AAAAAAAAGP0/kHvrYSF1faM/s1600/body-bg.png]
[4.bp.blogspot.com/-5Ulj4hKKPok/TzuWP4ACk3I/AAAAAAAAFR4/dqNxYNY99FI/s1600/maincol-grad.png]
[safetyshoescheetah.blogspot.com/feeds/posts/default9522]
[4.bp.blogspot.com/-POy-pvgzudE/Tz0SPxJXQnI/AAAAAAAAFUI/SlCAfDMFIhg/s1600/anonymous.jpg]
[3.bp.blogspot.com/-NONrBLhghFk/To0nNB1LmkI/AAAAAAAAAI4/CAuzDfYiCiU/s1600/comment-arrow.gif]
[3.bp.blogspot.com/-UP2TzR7l-Ak/T7udRSQ6EKI/AAAAAAAAGOM/tyehSG8cvkM/s1600/sidebar-bg.png]
[4.bp.blogspot.com/-b2PXU86078o/T7uffs0D-0I/AAAAAAAAGOU/HL2APebva4M/s1600/categories.png]
[3.bp.blogspot.com/-LzmPTNyR6po/TwETZufjSTI/AAAAAAAAATo/oisHmXUjmSY/s1600/arrow_white.gif]
[1.bp.blogspot.com/-Tj311tOuSXw/T40fSwQhb2I/AAAAAAAAAl0/UynjCcmZ9CE/s1600/searchbar.png]
[3.bp.blogspot.com/-3nqMfDFqsUQ/T4_x8t_XbaI/AAAAAAAAAok/oVXZ6X2RKsg/s1600/email.png]
[1.bp.blogspot.com/-Tg7BikflCm8/T4_x9T1aflI/AAAAAAAAAoo/jV53zVYzVDY/s1600/social letter.png]
[1.bp.blogspot.com/-P9SH_Wqh8H8/T42Xsi3BLrI/AAAAAAAAAns/CQ8rRk-aAwE/s1600/batas.png]
[4.bp.blogspot.com/-Bt0JYGRHfpk/T7ZpN5RNSQI/AAAAAAAAGJQ/zQtrWVZwgHA/s1600/bullet.png]
[1.bp.blogspot.com/-lv6mWIQHI3Y/T7Zs3FSfchI/AAAAAAAAGJc/uh7iXKJPKiQ/s1600/footer-bg.jpg]
[4.bp.blogspot.com/-0f34UWANX-M/T7vP0vic1LI/AAAAAAAAGQI/qIm79Qq1dEM/s1600/simplecart.png]
[2.bp.blogspot.com/-N9GvSMaH38A/T7qCGHb4ElI/AAAAAAAAGLo/sNUlCs3e8mo/s1600/icon_cart.png]
[2.bp.blogspot.com/-S4AKqSDPUEs/ToSYCWJy4qI/AAAAAAAAABI/conBgqSajOY/s1600/fade.png]
[4.bp.blogspot.com/-xOFlidy4puU/T7vUevhxgRI/AAAAAAAAGQk/kpaYOsXLcL0/s1600/add-cart.png]
[4.bp.blogspot.com/-FePkOajMbd8/T656LNNmKSI/AAAAAAAAGEE/Vcpgql7qqXQ/s1600/shadow1.png]
[2.bp.blogspot.com/-LlQqRUzqnas/T7vQ6krbLtI/AAAAAAAAGQQ/b1ipgv5g5Pc/s1600/slider.png]
[1.bp.blogspot.com/-TtitrRZoyo4/T7qRFeWf2RI/AAAAAAAAGMU/RuVrW_8cdWg/s1600/cs-buttons.png]
[4.bp.blogspot.com/-KK30ciryWA0/T7vK-7T58XI/AAAAAAAAGP4/qVdOIZU-ZQw/s1600/topbar-bg.png]
[3.bp.blogspot.com/-F6jJZ3Qin7s/T5bShzfjYRI/AAAAAAAAAtE/aD9q8DnSYiw/s1600/transparant.png]
[3.bp.blogspot.com/-3Cz9c-fGEJk/T7pbsiUyPfI/AAAAAAAAGLA/AnZ5O9F8Evk/s1600/post-img.png]
[ajax.googleapis.com/ajax/libs/jquery/1.7.2/jquery.min.js]
[2.bp.blogspot.com/-uitX7ROPtTU/Tyv-G4NA_uI/AAAAAAAAFBY/NcWLPVnYEnU/s1600/no image.jpg]
[translate.google.com/translate_a/elementa0d8.js]
[1.bp.blogspot.com/-s0m9sepW0gc/T5ltQy2L89I/AAAAAAAAAt8/SIa8-qL5dVc/s1600/search.jpg]
[www.blogger.com/img/icon18_edit_allbkg.gif]
[safetyshoescheetah.blogspot.com/search/label/Rebound - 7001 H.html]
[safetyshoescheetah.blogspot.com/2018/06/grosir-sepatu-safety-standard-sni.html]
[safetyshoescheetah.blogspot.com/search0593.html]
[www.blogger.com/static/v1/widgets/1926661341-widgets.js]
[safetyshoescheetah.blogspot.com/index.html]
[safetyshoescheetah.blogspot.com/search/label/index.html]
[www.blogger.com/img/widgets/stats-flipper.png]
[resources.blogblog.com/img/widgets/s_top.png]
[www.blogger.com/static/v1/widgets/55013136-widget_css_bundle.css]
[www.blogger.com/dyn-css/authorization35d5.css]
[safetyshoescheetah.blogspot.com/2012/01/cheetah-3288-h-polyurethane.html]
[blogger.googleusercontent.com/img/b/R29vZ2xl/AVvXsEji9tU7ceEDyS3u-Z3lFQGDDMk-dVD0h8d1rwfOVww/s550/206.jpg]
[blogger.googleusercontent.com/img/b/R29vZ2xl/AVvXsEji9tU7ceEDyS3u-Z3lFQGDDMk-dVD0h8d1rwfOVww/s320/206.jpg]
[safetyshoescheetah.blogspot.com/search/label/Rebound - 7001 H.html]
[safetyshoescheetah.blogspot.com/search/label/Rebound - 7001 H437f.html]
[safetyshoescheetah.blogspot.com/feeds/2434233559203603436/comments/default]
[safetyshoescheetah.blogspot.com/2018/06/grosir-sepatu-safety-standard-sni.html]
[safetyshoescheetah.blogspot.com/2018/06/jual-sepatu-safety.html]
[safetyshoescheetah.blogspot.com/search0593.html]
[safetyshoescheetah.blogspot.com/search01e2.html]
[safetyshoescheetah.blogspot.com/search.html]
[safetyshoescheetah.blogspot.com/2012/01/cheetah-safety-shoes-surabaya-jawa.html]
[safetyshoescheetah.blogspot.com/2012/01/cheetah-5103-bh-comfy-series.html]
[safetyshoescheetah.blogspot.com/2012/01/cheetah-5101-ha-comfy-series.html]
[safetyshoescheetah.blogspot.com/2012/01/cheetah-5002-hh-comfy-series.html]
[safetyshoescheetah.blogspot.com/2012/01/cheetah-5001-cb-comfy-series.html]
[safetyshoescheetah.blogspot.com/2012/01/cheetah-3288-c-polyurethane.html]
[safetyshoescheetah.blogspot.com/search/label/index.html]
[safetyshoescheetah.blogspot.com/search2f30.html]
[safetyshoescheetah.blogspot.com/feeds/6472246754499788523/comments/default]
[safetyshoescheetah.blogspot.com/2012/01/cheetah-3288-h-polyurethane.html]
[safetyshoescheetah.blogspot.com/search/label/Rebound - 7001 H437f.html]
[safetyshoescheetah.blogspot.com/2012/01/cheetah-3112-c-polyurethane.html]
[safetyshoescheetah.blogspot.com/feeds/9071856958278679773/comments/default]
[safetyshoescheetah.blogspot.com/2018/06/jual-sepatu-safety.html]
[safetyshoescheetah.blogspot.com/search6773.html]
[safetyshoescheetah.blogspot.com/search01e2.html]
[safetyshoescheetah.blogspot.com/search.html]
[safetyshoescheetah.blogspot.com/searcha351.html]
[safetyshoescheetah.blogspot.com/feeds/1667539793333816711/comments/default]
[safetyshoescheetah.blogspot.com/2012/01/cheetah-safety-shoes-surabaya-jawa.html]
[www.zonasafety.com/images/cheetah_logo.html]
[www.zonasafety.com/images/CHEETAHLOGO.html]
[safetyshoescheetah.blogspot.com/feeds/6627099573884238299/comments/default]
[safetyshoescheetah.blogspot.com/2012/01/cheetah-5103-bh-comfy-series.html]
[safetyshoescheetah.blogspot.com/feeds/7973344513851281683/comments/default]
[safetyshoescheetah.blogspot.com/2012/01/cheetah-5101-ha-comfy-series.html]
[safetyshoescheetah.blogspot.com/feeds/7331847009295147449/comments/default]
[safetyshoescheetah.blogspot.com/2012/01/cheetah-5002-hh-comfy-series.html]
[safetyshoescheetah.blogspot.com/feeds/7795502155339703116/comments/default]
[safetyshoescheetah.blogspot.com/2012/01/cheetah-5001-cb-comfy-series.html]
[safetyshoescheetah.blogspot.com/feeds/1005622054358309380/comments/default]
[safetyshoescheetah.blogspot.com/2012/01/cheetah-3288-c-polyurethane.html]
[safetyshoescheetah.blogspot.com/2012/01/cheetah-3112-h-polyurethane.html]
[safetyshoescheetah.blogspot.com/2012/01/cheetah-3111-h-polyurethane.html]
[safetyshoescheetah.blogspot.com/2012/01/cheetah-3110-h-polyurethane.html]
[safetyshoescheetah.blogspot.com/2012/01/cheetah-3106-h-polyurethane.html]
[safetyshoescheetah.blogspot.com/2012/01/cheetah-3013-h-polyurethane.html]
[safetyshoescheetah.blogspot.com/2012/01/cheetah-3012-h-polyurethane.html]
[safetyshoescheetah.blogspot.com/2012/01/cheetah-3002-h-polyurethane.html]
[safetyshoescheetah.blogspot.com/2012/01/cheetah-3001-h-polyurethane.html]
[safetyshoescheetah.blogspot.com/2012/01/cheetah-2291-h-nitrile.html]
[safetyshoescheetah.blogspot.com/2012/01/cheetah-2290-h-nitrile.html]
[safetyshoescheetah.blogspot.com/2012/01/cheetah-2288-c-nitrile.html]
[safetyshoescheetah.blogspot.com/2012/01/cheetah-2288-h-nitrile.html]
[safetyshoescheetah.blogspot.com/2012/01/cheetah-2286-h-nitrile.html]
[safetyshoescheetah.blogspot.com/2012/01/cheetah-2183-h-nitrile.html]
[safetyshoescheetah.blogspot.com/2012/01/cheetah-2180-h-nitrile.html]
[safetyshoescheetah.blogspot.com/2012/01/cheetah-2111-h-nitrile.html]
[safetyshoescheetah.blogspot.com/2012/01/cheetah-2110-h-nitrile.html]
[safetyshoescheetah.blogspot.com/2012/01/cheetah-2101-h-nitrile.html]
[safetyshoescheetah.blogspot.com/2012/01/cheetah-2001-h-nitrile.html]
[safetyshoescheetah.blogspot.com/search2f30.html]
[safetyshoescheetah.blogspot.com/searchc98f.html]
[safetyshoescheetah.blogspot.com/feeds/2955299009000715868/comments/default]
[safetyshoescheetah.blogspot.com/2012/01/cheetah-3112-c-polyurethane.html]
[safetyshoescheetah.blogspot.com/search6773.html]
[safetyshoescheetah.blogspot.com/search3965.html]
[safetyshoescheetah.blogspot.com/searchc48b.html]
[safetyshoescheetah.blogspot.com/searcha351.html]
[www.zonasafety.com/images/3002 HS.html]
[www.zonasafety.com/images/3288 CS.html]
[safetyshoescheetah.blogspot.com/searche089.html]
[safetyshoescheetah.blogspot.com/feeds/5910462076378321785/comments/default]
[safetyshoescheetah.blogspot.com/2012/01/cheetah-3112-h-polyurethane.html]
[safetyshoescheetah.blogspot.com/feeds/249413137205907574/comments/default]
[safetyshoescheetah.blogspot.com/2012/01/cheetah-3111-h-polyurethane.html]
[safetyshoescheetah.blogspot.com/feeds/2493301922875117533/comments/default]
[safetyshoescheetah.blogspot.com/2012/01/cheetah-3110-h-polyurethane.html]
[safetyshoescheetah.blogspot.com/feeds/6756783668014229523/comments/default]
[safetyshoescheetah.blogspot.com/2012/01/cheetah-3106-h-polyurethane.html]
[safetyshoescheetah.blogspot.com/feeds/1351607048405360188/comments/default]
[safetyshoescheetah.blogspot.com/2012/01/cheetah-3013-h-polyurethane.html]
[safetyshoescheetah.blogspot.com/feeds/568527108523459835/comments/default]
[safetyshoescheetah.blogspot.com/2012/01/cheetah-3012-h-polyurethane.html]
[safetyshoescheetah.blogspot.com/feeds/6135438646854565319/comments/default]
[safetyshoescheetah.blogspot.com/2012/01/cheetah-3002-h-polyurethane.html]
[safetyshoescheetah.blogspot.com/feeds/6452140175955311244/comments/default]
[safetyshoescheetah.blogspot.com/2012/01/cheetah-3001-h-polyurethane.html]
[www.zonasafety.com/images/3001 HS.html]
[safetyshoescheetah.blogspot.com/feeds/719520517908423710/comments/default]
[safetyshoescheetah.blogspot.com/2012/01/cheetah-2291-h-nitrile.html]
[safetyshoescheetah.blogspot.com/feeds/6241068917602138908/comments/default]
[safetyshoescheetah.blogspot.com/2012/01/cheetah-2290-h-nitrile.html]
[safetyshoescheetah.blogspot.com/feeds/480315317453331912/comments/default]
[safetyshoescheetah.blogspot.com/2012/01/cheetah-2288-c-nitrile.html]
[safetyshoescheetah.blogspot.com/feeds/5404208292110722699/comments/default]
[safetyshoescheetah.blogspot.com/2012/01/cheetah-2288-h-nitrile.html]
[safetyshoescheetah.blogspot.com/feeds/431919641789778954/comments/default]
[safetyshoescheetah.blogspot.com/2012/01/cheetah-2286-h-nitrile.html]
[safetyshoescheetah.blogspot.com/feeds/8786904398884755014/comments/default]
[safetyshoescheetah.blogspot.com/2012/01/cheetah-2183-h-nitrile.html]
[safetyshoescheetah.blogspot.com/feeds/7690101448281809938/comments/default]
[safetyshoescheetah.blogspot.com/2012/01/cheetah-2180-h-nitrile.html]
[safetyshoescheetah.blogspot.com/feeds/8623066943425298689/comments/default]
[safetyshoescheetah.blogspot.com/2012/01/cheetah-2111-h-nitrile.html]
[safetyshoescheetah.blogspot.com/feeds/241973985920218225/comments/default]
[safetyshoescheetah.blogspot.com/2012/01/cheetah-2110-h-nitrile.html]
[safetyshoescheetah.blogspot.com/feeds/1334618145377305581/comments/default]
[safetyshoescheetah.blogspot.com/2012/01/cheetah-2101-h-nitrile.html]
[safetyshoescheetah.blogspot.com/feeds/8365431848419551877/comments/default]
[safetyshoescheetah.blogspot.com/2012/01/cheetah-2001-h-nitrile.html]
[safetyshoescheetah.blogspot.com/2011/12/cheetah-2001-h-nitrile.html]
[safetyshoescheetah.blogspot.com/2011/11/cheetah-safety-shoes-surabaya-indonesia.html]
[safetyshoescheetah.blogspot.com/logox.82.delayed]
[safetyshoescheetah.blogspot.com/cheetah.83.delayed]
[safetyshoescheetah.blogspot.com/css/calendar-blue.85.delayed]
[safetyshoescheetah.blogspot.com/AC_RunActiveContent.89.delayed]
[safetyshoescheetah.blogspot.com/default.8a.delayed]
[safetyshoescheetah.blogspot.com/searchc98f.html]
[www.zonasafety.com/images/3112 CS.html]
[safetyshoescheetah.blogspot.com/search3811.html]
[safetyshoescheetah.blogspot.com/search3965.html]
[safetyshoescheetah.blogspot.com/search7a66.html]
[safetyshoescheetah.blogspot.com/searchc48b.html]
[safetyshoescheetah.blogspot.com/searchc3eb.html]
[safetyshoescheetah.blogspot.com/search8eb5.html]
[safetyshoescheetah.blogspot.com/searche089.html]
[www.zonasafety.com/images/3112 HS.html]
[www.zonasafety.com/images/3111 HS.html]
[www.zonasafety.com/images/3110 HS.html]
[www.zonasafety.com/images/3106 HS.html]
[www.zonasafety.com/images/3013 HS.html]
[www.zonasafety.com/images/3012 HS.html]
[www.zonasafety.com/images/2183 HS.html]
[www.zonasafety.com/images/2288 CS.html]
[www.zonasafety.com/images/3288 HS.html]
[www.zonasafety.com/images/2286 HS.html]
[www.zonasafety.com/images/2180 Hs.html]
[www.zonasafety.com/images/2101 H combos.html]
[www.zonasafety.com/images/2001 HX.html]
[safetyshoescheetah.blogspot.com/search19c0.html]
[safetyshoescheetah.blogspot.com/feeds/7434402064017888427/comments/default]
[safetyshoescheetah.blogspot.com/2011/12/cheetah-2001-h-nitrile.html]
[safetyshoescheetah.blogspot.com/feeds/3993596258668031522/comments/default]
[safetyshoescheetah.blogspot.com/2011/11/logox.93.delayed]
[safetyshoescheetah.blogspot.com/2011/11/cheetah.94.delayed]
[safetyshoescheetah.blogspot.com/2011/11/js/script.js.95.delayed]
[safetyshoescheetah.blogspot.com/2011/11/css/calendar-blue.96.delayed]
[safetyshoescheetah.blogspot.com/2011/11/js/calendar.97.delayed]
[safetyshoescheetah.blogspot.com/2011/11/js/lang/calendar-en.98.delayed]
[safetyshoescheetah.blogspot.com/2011/11/js/calendar-setup.99.delayed]
[safetyshoescheetah.blogspot.com/2011/11/AC_RunActiveContent.9a.delayed]
[safetyshoescheetah.blogspot.com/2011/11/default.9b.delayed]
[safetyshoescheetah.blogspot.com/2011/11/cheetah-safety-shoes-surabaya-indonesia.html]
[safetyshoescheetah.blogspot.com/logox.html]
[safetyshoescheetah.blogspot.com/cheetah.html]
[safetyshoescheetah.blogspot.com/js/script.js.html]
[safetyshoescheetah.blogspot.com/css/calendar-blue.html]
[safetyshoescheetah.blogspot.com/js/calendar.html]
[safetyshoescheetah.blogspot.com/js/lang/calendar-en.html]
[safetyshoescheetah.blogspot.com/js/calendar-setup.html]
[safetyshoescheetah.blogspot.com/AC_RunActiveContent.html]
[safetyshoescheetah.blogspot.com/default.html]
[safetyshoescheetah.blogspot.com/search3811.html]
[safetyshoescheetah.blogspot.com/search3b8a.html]
[safetyshoescheetah.blogspot.com/search7a66.html]
[safetyshoescheetah.blogspot.com/search291c.html]
[safetyshoescheetah.blogspot.com/searchc3eb.html]
[safetyshoescheetah.blogspot.com/searchb75d.html]
[safetyshoescheetah.blogspot.com/search8eb5.html]
[safetyshoescheetah.blogspot.com/search6964.html]
[safetyshoescheetah.blogspot.com/search19c0.html]
[www.cheetahsafety.com/images/logo.html]
[safetyshoescheetah.blogspot.com/2011/11/logox.html]
[safetyshoescheetah.blogspot.com/2011/11/cheetah.html]
[safetyshoescheetah.blogspot.com/2011/11/js/script.js.html]
[safetyshoescheetah.blogspot.com/2011/11/css/calendar-blue.html]
[safetyshoescheetah.blogspot.com/2011/11/js/calendar.html]
[safetyshoescheetah.blogspot.com/2011/11/js/lang/calendar-en.html]
[safetyshoescheetah.blogspot.com/2011/11/js/calendar-setup.html]
[safetyshoescheetah.blogspot.com/2011/11/AC_RunActiveContent.html]
[safetyshoescheetah.blogspot.com/2011/11/default.html]
[safetyshoescheetah.blogspot.com/search3b8a.html]
[safetyshoescheetah.blogspot.com/search50d8.html]
[safetyshoescheetah.blogspot.com/search291c.html]
[safetyshoescheetah.blogspot.com/search0bc0.html]
[safetyshoescheetah.blogspot.com/searchb75d.html]
[safetyshoescheetah.blogspot.com/search82bc.html]
[safetyshoescheetah.blogspot.com/search6964.html]
[safetyshoescheetah.blogspot.com/search0be6.html]
[safetyshoescheetah.blogspot.com/search23f0.html]
[safetyshoescheetah.blogspot.com/search50d8.html]
[safetyshoescheetah.blogspot.com/search8967.html]
[safetyshoescheetah.blogspot.com/search0bc0.html]
[safetyshoescheetah.blogspot.com/searchedfd.html]
[safetyshoescheetah.blogspot.com/search82bc.html]
[safetyshoescheetah.blogspot.com/search3197.html]
[safetyshoescheetah.blogspot.com/search0be6.html]
[safetyshoescheetah.blogspot.com/searchebd9.html]
[safetyshoescheetah.blogspot.com/search23f0.html]
[safetyshoescheetah.blogspot.com/search298b.html]
[safetyshoescheetah.blogspot.com/searchb6de.html]
[safetyshoescheetah.blogspot.com/search8967.html]
[safetyshoescheetah.blogspot.com/search8e10.html]
[safetyshoescheetah.blogspot.com/searchedfd.html]
[safetyshoescheetah.blogspot.com/search12eb.html]
[safetyshoescheetah.blogspot.com/search3197.html]
[safetyshoescheetah.blogspot.com/searchff06.html]
[safetyshoescheetah.blogspot.com/searchebd9.html]
[safetyshoescheetah.blogspot.com/searchd5fe.html]
[safetyshoescheetah.blogspot.com/search298b.html]
[safetyshoescheetah.blogspot.com/search9c7f.html]
[safetyshoescheetah.blogspot.com/searchb6de.html]
[safetyshoescheetah.blogspot.com/search83f1.html]
[safetyshoescheetah.blogspot.com/search8e10.html]
[safetyshoescheetah.blogspot.com/searcha9dd.html]
[safetyshoescheetah.blogspot.com/search12eb.html]
[safetyshoescheetah.blogspot.com/searchd177.html]
[safetyshoescheetah.blogspot.com/searchff06.html]
[safetyshoescheetah.blogspot.com/searcha1c3.html]
[safetyshoescheetah.blogspot.com/searchd5fe.html]
[safetyshoescheetah.blogspot.com/searchdd9b.html]
[safetyshoescheetah.blogspot.com/search9c7f.html]
[safetyshoescheetah.blogspot.com/searchbd35.html]
[safetyshoescheetah.blogspot.com/search83f1.html]
[safetyshoescheetah.blogspot.com/searchd5bf.html]
[safetyshoescheetah.blogspot.com/search9f0e.html]
[safetyshoescheetah.blogspot.com/searcha9dd.html]
[safetyshoescheetah.blogspot.com/searchaf8e.html]
[safetyshoescheetah.blogspot.com/searchd177.html]
[safetyshoescheetah.blogspot.com/search1008.html]
[safetyshoescheetah.blogspot.com/searcha1c3.html]
[safetyshoescheetah.blogspot.com/search0aa5.html]
[safetyshoescheetah.blogspot.com/searchdd9b.html]
[safetyshoescheetah.blogspot.com/search7b8a.html]
[safetyshoescheetah.blogspot.com/searchbd35.html]
[safetyshoescheetah.blogspot.com/searchb122.html]
[safetyshoescheetah.blogspot.com/searchd5bf.html]
[safetyshoescheetah.blogspot.com/search0f97.html]
[safetyshoescheetah.blogspot.com/search9f0e.html]
[safetyshoescheetah.blogspot.com/search9f45.html]
[safetyshoescheetah.blogspot.com/searche0fc.html]
[safetyshoescheetah.blogspot.com/searchaf8e.html]
[safetyshoescheetah.blogspot.com/searchea45.html]
[safetyshoescheetah.blogspot.com/search1008.html]
[safetyshoescheetah.blogspot.com/search94ee.html]
[safetyshoescheetah.blogspot.com/search0aa5.html]
[safetyshoescheetah.blogspot.com/search56aa.html]
[safetyshoescheetah.blogspot.com/search7b8a.html]
[safetyshoescheetah.blogspot.com/searchb47a.html]
[safetyshoescheetah.blogspot.com/searchb122.html]
[safetyshoescheetah.blogspot.com/searchc2f0.html]
[safetyshoescheetah.blogspot.com/search0f97.html]
[safetyshoescheetah.blogspot.com/search5689.html]
[safetyshoescheetah.blogspot.com/search9f45.html]
[safetyshoescheetah.blogspot.com/search8046.html]
[safetyshoescheetah.blogspot.com/searche0fc.html]
[safetyshoescheetah.blogspot.com/searchacf6.html]
[safetyshoescheetah.blogspot.com/searchea45.html]
[safetyshoescheetah.blogspot.com/search633b.html]
[safetyshoescheetah.blogspot.com/search94ee.html]
[safetyshoescheetah.blogspot.com/searchbaaf.html]
[safetyshoescheetah.blogspot.com/search56aa.html]
[safetyshoescheetah.blogspot.com/search1918.html]
[safetyshoescheetah.blogspot.com/searchb47a.html]
[safetyshoescheetah.blogspot.com/search093b.html]
[safetyshoescheetah.blogspot.com/searchc2f0.html]
[safetyshoescheetah.blogspot.com/searchf7cb.html]
[safetyshoescheetah.blogspot.com/search5689.html]
[safetyshoescheetah.blogspot.com/search0ca5.html]
[safetyshoescheetah.blogspot.com/search8046.html]
[safetyshoescheetah.blogspot.com/search8039.html]
[safetyshoescheetah.blogspot.com/searchacf6.html]
[safetyshoescheetah.blogspot.com/searchc5de.html]
[safetyshoescheetah.blogspot.com/search30e7.html]
[safetyshoescheetah.blogspot.com/search633b.html]
[safetyshoescheetah.blogspot.com/search0302.html]
[safetyshoescheetah.blogspot.com/searchbaaf.html]
[safetyshoescheetah.blogspot.com/search596f.html]
[safetyshoescheetah.blogspot.com/search1918.html]
[safetyshoescheetah.blogspot.com/search7d33.html]
[safetyshoescheetah.blogspot.com/search093b.html]
[safetyshoescheetah.blogspot.com/searchf6ae.html]
[safetyshoescheetah.blogspot.com/searchf7cb.html]
[safetyshoescheetah.blogspot.com/search16b4.html]
[safetyshoescheetah.blogspot.com/search0ca5.html]
[safetyshoescheetah.blogspot.com/searchdded.html]
[safetyshoescheetah.blogspot.com/search8039.html]
[safetyshoescheetah.blogspot.com/searchf30b.html]
[safetyshoescheetah.blogspot.com/searchc5de.html]
[safetyshoescheetah.blogspot.com/searchd451.html]
[safetyshoescheetah.blogspot.com/search30e7.html]
[safetyshoescheetah.blogspot.com/search9bc8.html]
[safetyshoescheetah.blogspot.com/search0302.html]
[safetyshoescheetah.blogspot.com/search3853.html]
[safetyshoescheetah.blogspot.com/search596f.html]
[safetyshoescheetah.blogspot.com/search4729.html]
[safetyshoescheetah.blogspot.com/search7d33.html]
[safetyshoescheetah.blogspot.com/search056f.html]
[safetyshoescheetah.blogspot.com/searchf6ae.html]
[safetyshoescheetah.blogspot.com/search4c68.html]
[safetyshoescheetah.blogspot.com/search16b4.html]
[safetyshoescheetah.blogspot.com/search51eb.html]
[safetyshoescheetah.blogspot.com/searchdded.html]
[safetyshoescheetah.blogspot.com/search0ac9.html]
[safetyshoescheetah.blogspot.com/searchf30b.html]
[safetyshoescheetah.blogspot.com/searcha9de.html]
[safetyshoescheetah.blogspot.com/searchd451.html]
[safetyshoescheetah.blogspot.com/searchf709.html]
[safetyshoescheetah.blogspot.com/search9bc8.html]
[safetyshoescheetah.blogspot.com/search2c28.html]
[safetyshoescheetah.blogspot.com/search1a5a.html]
[safetyshoescheetah.blogspot.com/search3853.html]
[safetyshoescheetah.blogspot.com/searchec52.html]
[safetyshoescheetah.blogspot.com/search4729.html]
[safetyshoescheetah.blogspot.com/searchfc65.html]
[safetyshoescheetah.blogspot.com/search056f.html]
[safetyshoescheetah.blogspot.com/searchaeca.html]
[safetyshoescheetah.blogspot.com/search4c68.html]
[safetyshoescheetah.blogspot.com/search0dae.html]
[safetyshoescheetah.blogspot.com/search51eb.html]
[safetyshoescheetah.blogspot.com/search01fa.html]
[safetyshoescheetah.blogspot.com/search0ac9.html]
[safetyshoescheetah.blogspot.com/searchb010.html]
[safetyshoescheetah.blogspot.com/searcha9de.html]
[safetyshoescheetah.blogspot.com/search15f8.html]
[safetyshoescheetah.blogspot.com/searchf709.html]
[safetyshoescheetah.blogspot.com/search1c27.html]
[safetyshoescheetah.blogspot.com/search2c28.html]
[safetyshoescheetah.blogspot.com/searchffd1.html]
[safetyshoescheetah.blogspot.com/search1a5a.html]
[safetyshoescheetah.blogspot.com/searchb050.html]
[safetyshoescheetah.blogspot.com/searchf8af.html]
[safetyshoescheetah.blogspot.com/searchec52.html]
[safetyshoescheetah.blogspot.com/searchbdd5.html]
[safetyshoescheetah.blogspot.com/searchfc65.html]
[safetyshoescheetah.blogspot.com/search70d8.html]
[safetyshoescheetah.blogspot.com/searchaeca.html]
[safetyshoescheetah.blogspot.com/search4b6d.html]
[safetyshoescheetah.blogspot.com/search0dae.html]
[safetyshoescheetah.blogspot.com/search1b19.html]
[safetyshoescheetah.blogspot.com/search01fa.html]
[safetyshoescheetah.blogspot.com/searchaee0.html]
[safetyshoescheetah.blogspot.com/searchb010.html]
[safetyshoescheetah.blogspot.com/search00fb.html]
[safetyshoescheetah.blogspot.com/search15f8.html]
[safetyshoescheetah.blogspot.com/searchd207.html]
[safetyshoescheetah.blogspot.com/search1c27.html]
[safetyshoescheetah.blogspot.com/search6f78.html]
[safetyshoescheetah.blogspot.com/searchffd1.html]
[safetyshoescheetah.blogspot.com/search331f.html]
[safetyshoescheetah.blogspot.com/searchb050.html]
[safetyshoescheetah.blogspot.com/searchc558.html]
[safetyshoescheetah.blogspot.com/searchf8af.html]
[safetyshoescheetah.blogspot.com/search9265.html]
[safetyshoescheetah.blogspot.com/search7687.html]
[safetyshoescheetah.blogspot.com/searchbdd5.html]
[safetyshoescheetah.blogspot.com/search64a5.html]
[safetyshoescheetah.blogspot.com/search70d8.html]
[safetyshoescheetah.blogspot.com/search4265.html]
[safetyshoescheetah.blogspot.com/search4b6d.html]
[safetyshoescheetah.blogspot.com/search1f0c.html]
[safetyshoescheetah.blogspot.com/search1b19.html]
[safetyshoescheetah.blogspot.com/search7680.html]
[safetyshoescheetah.blogspot.com/searchaee0.html]
[safetyshoescheetah.blogspot.com/search5937.html]
[safetyshoescheetah.blogspot.com/search00fb.html]
[safetyshoescheetah.blogspot.com/searchf87a.html]
[safetyshoescheetah.blogspot.com/searchd207.html]
[safetyshoescheetah.blogspot.com/search3f9b.html]
[safetyshoescheetah.blogspot.com/search6f78.html]
[safetyshoescheetah.blogspot.com/search1cd2.html]
[safetyshoescheetah.blogspot.com/search331f.html]
[safetyshoescheetah.blogspot.com/search6be7.html]
[safetyshoescheetah.blogspot.com/searchc558.html]
[safetyshoescheetah.blogspot.com/search2914.html]
[safetyshoescheetah.blogspot.com/search9265.html]
[safetyshoescheetah.blogspot.com/search3509.html]
[safetyshoescheetah.blogspot.com/search7687.html]
[safetyshoescheetah.blogspot.com/search94e5.html]
[safetyshoescheetah.blogspot.com/search64a5.html]
[safetyshoescheetah.blogspot.com/search5415.html]
[safetyshoescheetah.blogspot.com/search4265.html]
[safetyshoescheetah.blogspot.com/search1467.html]
[safetyshoescheetah.blogspot.com/search1f0c.html]
[safetyshoescheetah.blogspot.com/search564e.html]
[safetyshoescheetah.blogspot.com/search7680.html]
[safetyshoescheetah.blogspot.com/search7297.html]
[safetyshoescheetah.blogspot.com/search5937.html]
[safetyshoescheetah.blogspot.com/searchd168.html]
[safetyshoescheetah.blogspot.com/searchf87a.html]
[safetyshoescheetah.blogspot.com/search6e45.html]
[safetyshoescheetah.blogspot.com/search3f9b.html]
[safetyshoescheetah.blogspot.com/search7897.html]
[safetyshoescheetah.blogspot.com/search1cd2.html]
[safetyshoescheetah.blogspot.com/search214f.html]
[safetyshoescheetah.blogspot.com/search6be7.html]
[safetyshoescheetah.blogspot.com/search4c9a.html]
[safetyshoescheetah.blogspot.com/search2914.html]
[safetyshoescheetah.blogspot.com/search8895.html]
[safetyshoescheetah.blogspot.com/search3509.html]
[safetyshoescheetah.blogspot.com/search2dad.html]
[safetyshoescheetah.blogspot.com/search94e5.html]
[safetyshoescheetah.blogspot.com/searchf959.html]
[safetyshoescheetah.blogspot.com/search3697.html]
[safetyshoescheetah.blogspot.com/search5415.html]
[safetyshoescheetah.blogspot.com/searchb33c.html]
[safetyshoescheetah.blogspot.com/search1467.html]
[safetyshoescheetah.blogspot.com/searchd201.html]
[safetyshoescheetah.blogspot.com/search564e.html]
[safetyshoescheetah.blogspot.com/search6780.html]
[safetyshoescheetah.blogspot.com/search7297.html]
[safetyshoescheetah.blogspot.com/search2eb1.html]
[safetyshoescheetah.blogspot.com/searchd168.html]
[safetyshoescheetah.blogspot.com/search7656.html]
[safetyshoescheetah.blogspot.com/search6e45.html]
[safetyshoescheetah.blogspot.com/search3614.html]
[safetyshoescheetah.blogspot.com/search7897.html]
[safetyshoescheetah.blogspot.com/search0de3.html]
[safetyshoescheetah.blogspot.com/search214f.html]
[safetyshoescheetah.blogspot.com/searchf3e2.html]
[safetyshoescheetah.blogspot.com/search4c9a.html]
[safetyshoescheetah.blogspot.com/searchd6fa.html]
[safetyshoescheetah.blogspot.com/search8895.html]
[safetyshoescheetah.blogspot.com/search2ed0.html]
[safetyshoescheetah.blogspot.com/search2dad.html]
[safetyshoescheetah.blogspot.com/search5ddd.html]
[safetyshoescheetah.blogspot.com/searchf959.html]
[safetyshoescheetah.blogspot.com/search3422.html]
[safetyshoescheetah.blogspot.com/search3697.html]
[safetyshoescheetah.blogspot.com/search3bc6.html]
[safetyshoescheetah.blogspot.com/search94fb.html]
[safetyshoescheetah.blogspot.com/searchb33c.html]
[safetyshoescheetah.blogspot.com/search94e1.html]
[safetyshoescheetah.blogspot.com/searchd201.html]
[safetyshoescheetah.blogspot.com/searchf43a.html]
[safetyshoescheetah.blogspot.com/search6780.html]
[safetyshoescheetah.blogspot.com/search681c.html]
[safetyshoescheetah.blogspot.com/search2eb1.html]
[safetyshoescheetah.blogspot.com/search660a.html]
[safetyshoescheetah.blogspot.com/search7656.html]
[safetyshoescheetah.blogspot.com/search44f2.html]
[safetyshoescheetah.blogspot.com/search3614.html]
[safetyshoescheetah.blogspot.com/search0954.html]
[safetyshoescheetah.blogspot.com/search0de3.html]
[safetyshoescheetah.blogspot.com/searche0e9.html]
[safetyshoescheetah.blogspot.com/searchf3e2.html]
[safetyshoescheetah.blogspot.com/search5c23.html]
[safetyshoescheetah.blogspot.com/searchd6fa.html]
[safetyshoescheetah.blogspot.com/search70e0.html]
[safetyshoescheetah.blogspot.com/search2ed0.html]
[safetyshoescheetah.blogspot.com/search4c0a.html]
[safetyshoescheetah.blogspot.com/search5ddd.html]
[safetyshoescheetah.blogspot.com/searchca9d.html]
[safetyshoescheetah.blogspot.com/search3422.html]
[safetyshoescheetah.blogspot.com/searchd237.html]
[safetyshoescheetah.blogspot.com/search3bc6.html]
[safetyshoescheetah.blogspot.com/search267e.html]
[safetyshoescheetah.blogspot.com/search94fb.html]
[safetyshoescheetah.blogspot.com/search1b7d.html]
[safetyshoescheetah.blogspot.com/searche95c.html]
[safetyshoescheetah.blogspot.com/search94e1.html]
[safetyshoescheetah.blogspot.com/search11b1.html]
[safetyshoescheetah.blogspot.com/searchf43a.html]
[safetyshoescheetah.blogspot.com/searchfa3c.html]
[safetyshoescheetah.blogspot.com/search681c.html]
[safetyshoescheetah.blogspot.com/search0eb2.html]
[safetyshoescheetah.blogspot.com/search660a.html]
[safetyshoescheetah.blogspot.com/searchae4b.html]
[safetyshoescheetah.blogspot.com/search44f2.html]
[safetyshoescheetah.blogspot.com/search726f.html]
[safetyshoescheetah.blogspot.com/search0954.html]
[safetyshoescheetah.blogspot.com/search5415-2.html]
[safetyshoescheetah.blogspot.com/searche0e9.html]
[safetyshoescheetah.blogspot.com/searchaba4.html]
[safetyshoescheetah.blogspot.com/search5c23.html]
[safetyshoescheetah.blogspot.com/searche730.html]
[safetyshoescheetah.blogspot.com/search70e0.html]
[safetyshoescheetah.blogspot.com/search09fe.html]
[safetyshoescheetah.blogspot.com/search4c0a.html]
[safetyshoescheetah.blogspot.com/search1bf2.html]
[safetyshoescheetah.blogspot.com/searchca9d.html]
[safetyshoescheetah.blogspot.com/searchceae.html]
[safetyshoescheetah.blogspot.com/searchd237.html]
[safetyshoescheetah.blogspot.com/search7f7a.html]
[safetyshoescheetah.blogspot.com/search267e.html]
[safetyshoescheetah.blogspot.com/search388c.html]
[safetyshoescheetah.blogspot.com/search1b7d.html]
[safetyshoescheetah.blogspot.com/search99dc.html]
[safetyshoescheetah.blogspot.com/searche95c.html]
[safetyshoescheetah.blogspot.com/searchbde0.html]
[safetyshoescheetah.blogspot.com/searchac8b.html]
[safetyshoescheetah.blogspot.com/search11b1.html]
[safetyshoescheetah.blogspot.com/search0f46.html]
[safetyshoescheetah.blogspot.com/searchfa3c.html]
[safetyshoescheetah.blogspot.com/search0899.html]
[safetyshoescheetah.blogspot.com/search0eb2.html]
[safetyshoescheetah.blogspot.com/search3521.html]
[safetyshoescheetah.blogspot.com/searchae4b.html]
[safetyshoescheetah.blogspot.com/searcha56f.html]
[safetyshoescheetah.blogspot.com/search726f.html]
[safetyshoescheetah.blogspot.com/search2bb4.html]
[safetyshoescheetah.blogspot.com/search5415-2.html]
[safetyshoescheetah.blogspot.com/search5e19.html]
[safetyshoescheetah.blogspot.com/searchaba4.html]
[safetyshoescheetah.blogspot.com/searcha9fc.html]
[safetyshoescheetah.blogspot.com/searche730.html]
[safetyshoescheetah.blogspot.com/search3b21.html]
[safetyshoescheetah.blogspot.com/search09fe.html]
[safetyshoescheetah.blogspot.com/search63e7.html]
[safetyshoescheetah.blogspot.com/search1bf2.html]
[safetyshoescheetah.blogspot.com/search2292.html]
[safetyshoescheetah.blogspot.com/searchceae.html]
[safetyshoescheetah.blogspot.com/search2cef.html]
[safetyshoescheetah.blogspot.com/search7f7a.html]
[safetyshoescheetah.blogspot.com/search5c22.html]
[safetyshoescheetah.blogspot.com/search388c.html]
[safetyshoescheetah.blogspot.com/search5997.html]
[safetyshoescheetah.blogspot.com/search99dc.html]
[safetyshoescheetah.blogspot.com/searchc8e9.html]
[safetyshoescheetah.blogspot.com/searchbde0.html]
[safetyshoescheetah.blogspot.com/searche008.html]
[safetyshoescheetah.blogspot.com/searchac8b.html]
[safetyshoescheetah.blogspot.com/search8b7a.html]
[safetyshoescheetah.blogspot.com/search2337.html]
[safetyshoescheetah.blogspot.com/search0f46.html]
[safetyshoescheetah.blogspot.com/searchde80.html]
[safetyshoescheetah.blogspot.com/search0899.html]
[safetyshoescheetah.blogspot.com/search336d.html]
[safetyshoescheetah.blogspot.com/search3521.html]
[safetyshoescheetah.blogspot.com/search86de.html]
[safetyshoescheetah.blogspot.com/searcha56f.html]
[safetyshoescheetah.blogspot.com/search8a11.html]
[safetyshoescheetah.blogspot.com/search2bb4.html]
[safetyshoescheetah.blogspot.com/searchc2ad.html]
[safetyshoescheetah.blogspot.com/search5e19.html]
[safetyshoescheetah.blogspot.com/search3042.html]
[safetyshoescheetah.blogspot.com/searcha9fc.html]
[safetyshoescheetah.blogspot.com/search12ff.html]
[safetyshoescheetah.blogspot.com/search3b21.html]
[safetyshoescheetah.blogspot.com/search8622.html]
[safetyshoescheetah.blogspot.com/search63e7.html]
[safetyshoescheetah.blogspot.com/search57db.html]
[safetyshoescheetah.blogspot.com/search2292.html]
[safetyshoescheetah.blogspot.com/search65ab.html]
[safetyshoescheetah.blogspot.com/search2cef.html]
[safetyshoescheetah.blogspot.com/search0781.html]
[safetyshoescheetah.blogspot.com/search5c22.html]
[safetyshoescheetah.blogspot.com/search88ca.html]
[safetyshoescheetah.blogspot.com/search5997.html]
[safetyshoescheetah.blogspot.com/searchcf28.html]
[safetyshoescheetah.blogspot.com/searchc8e9.html]
[safetyshoescheetah.blogspot.com/search2be0.html]
[safetyshoescheetah.blogspot.com/searche008.html]
[safetyshoescheetah.blogspot.com/search93c4.html]
[safetyshoescheetah.blogspot.com/search8b7a.html]
[safetyshoescheetah.blogspot.com/search28f0.html]
[safetyshoescheetah.blogspot.com/search2337.html]
[safetyshoescheetah.blogspot.com/searchc6ac.html]
[safetyshoescheetah.blogspot.com/search102e.html]
[safetyshoescheetah.blogspot.com/searchde80.html]
[safetyshoescheetah.blogspot.com/searcha3e9.html]
[safetyshoescheetah.blogspot.com/search336d.html]
[safetyshoescheetah.blogspot.com/search75b7.html]
[safetyshoescheetah.blogspot.com/search86de.html]
[safetyshoescheetah.blogspot.com/searchd9a1.html]
[safetyshoescheetah.blogspot.com/search8a11.html]
[safetyshoescheetah.blogspot.com/search3671.html]
[safetyshoescheetah.blogspot.com/searchc2ad.html]
[safetyshoescheetah.blogspot.com/search972d.html]
[safetyshoescheetah.blogspot.com/search3042.html]
[safetyshoescheetah.blogspot.com/search4d87.html]
[safetyshoescheetah.blogspot.com/search12ff.html]
[safetyshoescheetah.blogspot.com/searche856.html]
[safetyshoescheetah.blogspot.com/search8622.html]
[safetyshoescheetah.blogspot.com/searche680.html]
[safetyshoescheetah.blogspot.com/search57db.html]
[safetyshoescheetah.blogspot.com/searchb922.html]
[safetyshoescheetah.blogspot.com/search65ab.html]
[safetyshoescheetah.blogspot.com/search83c0.html]
[safetyshoescheetah.blogspot.com/search0781.html]
[safetyshoescheetah.blogspot.com/searchb77b.html]
[safetyshoescheetah.blogspot.com/search88ca.html]
[safetyshoescheetah.blogspot.com/search6380.html]
[safetyshoescheetah.blogspot.com/searchcf28.html]
[safetyshoescheetah.blogspot.com/search8a7c.html]
[safetyshoescheetah.blogspot.com/search2be0.html]
[safetyshoescheetah.blogspot.com/search9c6c.html]
[safetyshoescheetah.blogspot.com/search93c4.html]
[safetyshoescheetah.blogspot.com/search1a76.html]
[safetyshoescheetah.blogspot.com/search28f0.html]
[safetyshoescheetah.blogspot.com/searchcba4.html]
[safetyshoescheetah.blogspot.com/searchc6ac.html]
[safetyshoescheetah.blogspot.com/searchff3b.html]
[safetyshoescheetah.blogspot.com/search102e.html]
[safetyshoescheetah.blogspot.com/search6e4a.html]
[safetyshoescheetah.blogspot.com/search67b9.html]
[safetyshoescheetah.blogspot.com/searcha3e9.html]
[safetyshoescheetah.blogspot.com/search54df.html]
[safetyshoescheetah.blogspot.com/search75b7.html]
[safetyshoescheetah.blogspot.com/searchdddd.html]
[safetyshoescheetah.blogspot.com/searchd9a1.html]
[safetyshoescheetah.blogspot.com/searcheff3.html]
[safetyshoescheetah.blogspot.com/search3671.html]
[safetyshoescheetah.blogspot.com/search4edd.html]
[safetyshoescheetah.blogspot.com/search972d.html]
[safetyshoescheetah.blogspot.com/searchea40.html]
[safetyshoescheetah.blogspot.com/search4d87.html]
[safetyshoescheetah.blogspot.com/search0ae3.html]
[safetyshoescheetah.blogspot.com/searche856.html]
[safetyshoescheetah.blogspot.com/search89da.html]
[safetyshoescheetah.blogspot.com/searche680.html]
[safetyshoescheetah.blogspot.com/searchb56c.html]
[safetyshoescheetah.blogspot.com/searchb922.html]
[safetyshoescheetah.blogspot.com/search95a9.html]
[safetyshoescheetah.blogspot.com/search83c0.html]
[safetyshoescheetah.blogspot.com/search6a8d.html]
[safetyshoescheetah.blogspot.com/searchb77b.html]
[safetyshoescheetah.blogspot.com/search93d9.html]
[safetyshoescheetah.blogspot.com/search6380.html]
[safetyshoescheetah.blogspot.com/searchabe2.html]
[safetyshoescheetah.blogspot.com/search8a7c.html]
[safetyshoescheetah.blogspot.com/searchf6a1.html]
[safetyshoescheetah.blogspot.com/search9c6c.html]
[safetyshoescheetah.blogspot.com/search082a.html]
[safetyshoescheetah.blogspot.com/search1a76.html]
[safetyshoescheetah.blogspot.com/search065f.html]
[safetyshoescheetah.blogspot.com/searchcba4.html]
[safetyshoescheetah.blogspot.com/search4f89.html]
[safetyshoescheetah.blogspot.com/searchff3b.html]
[safetyshoescheetah.blogspot.com/searchd52e.html]
[safetyshoescheetah.blogspot.com/search6e4a.html]
[safetyshoescheetah.blogspot.com/search63d5.html]
[safetyshoescheetah.blogspot.com/search67b9.html]
[safetyshoescheetah.blogspot.com/search8359.html]
[safetyshoescheetah.blogspot.com/search54df.html]
[safetyshoescheetah.blogspot.com/search0674.html]
[safetyshoescheetah.blogspot.com/searchdddd.html]
[safetyshoescheetah.blogspot.com/search2fe3.html]
[safetyshoescheetah.blogspot.com/searcheff3.html]
[safetyshoescheetah.blogspot.com/search4edd.html]
[safetyshoescheetah.blogspot.com/searchbe6c.html]
[safetyshoescheetah.blogspot.com/searchea40.html]
[safetyshoescheetah.blogspot.com/search0ae3.html]
[safetyshoescheetah.blogspot.com/searchb901.html]
[safetyshoescheetah.blogspot.com/search89da.html]
[safetyshoescheetah.blogspot.com/searchb56c.html]
[safetyshoescheetah.blogspot.com/search95a9.html]
[safetyshoescheetah.blogspot.com/search1822.html]
[safetyshoescheetah.blogspot.com/search6a8d.html]
[safetyshoescheetah.blogspot.com/search370c.html]
[safetyshoescheetah.blogspot.com/search93d9.html]
[safetyshoescheetah.blogspot.com/searchabe2.html]
[safetyshoescheetah.blogspot.com/search1962.html]
[safetyshoescheetah.blogspot.com/searchf6a1.html]
[safetyshoescheetah.blogspot.com/searcha920.html]
[safetyshoescheetah.blogspot.com/search082a.html]
[safetyshoescheetah.blogspot.com/search857e.html]
[safetyshoescheetah.blogspot.com/search065f.html]
[safetyshoescheetah.blogspot.com/search8526.html]
[safetyshoescheetah.blogspot.com/search4f89.html]
[safetyshoescheetah.blogspot.com/search8454.html]
[safetyshoescheetah.blogspot.com/searchd52e.html]
[safetyshoescheetah.blogspot.com/searchf96e.html]
[safetyshoescheetah.blogspot.com/search63d5.html]
[safetyshoescheetah.blogspot.com/searche42a.html]
[safetyshoescheetah.blogspot.com/search8359.html]
[safetyshoescheetah.blogspot.com/search1d9e.html]
[safetyshoescheetah.blogspot.com/search0674.html]
[safetyshoescheetah.blogspot.com/search2fe3.html]
[safetyshoescheetah.blogspot.com/searchbe6c.html]
[safetyshoescheetah.blogspot.com/searchb901.html]
[safetyshoescheetah.blogspot.com/search1822.html]
[safetyshoescheetah.blogspot.com/search370c.html]
[safetyshoescheetah.blogspot.com/search1962.html]
[safetyshoescheetah.blogspot.com/searcha920.html]
[safetyshoescheetah.blogspot.com/search857e.html]
[safetyshoescheetah.blogspot.com/search8526.html]
[safetyshoescheetah.blogspot.com/search8454.html]
[safetyshoescheetah.blogspot.com/searchf96e.html]
[safetyshoescheetah.blogspot.com/searche42a.html]
[safetyshoescheetah.blogspot.com/search1d9e.html]
[safetyshoescheetah.blogspot.com/search1e96.html]
[safetyshoescheetah.blogspot.com/search1e96.html]
